1、先决条件
内存必须是2G
我使用的aliyun云服务器ECS,2G内存，40G硬盘
2、把 CentOS 系统更新至最新组件
[root@iZ25v3zxo9vZ ~]# yum update -y
3、下载 Oracle 数据库 12c 的 Linux x86-64 版本：
http://www.oracle.com/technetwork/cn/database/enterprise-edition/downloads/database12c-linux-download-2240591-zhs.html
此处有坑，我是通过Safari直接下载，下载完的文件是直接解压了，当我把两个文件合并的时候出现了文件缺失，会在文件安装的时候报
\home\oracle\product\12.1.0\dbhome_1\ctx\admin\dr0ulib.sql.sbs等文件缺失错误
百度查，基本都是说解压合并文件缺失导致，一个比较详细的参考文档http://blog.csdn.net/ljunjie82/article/details/44727417
4、创建安装用户
为Oracle数据库创建所须的操作系统用户及群组。
[root@iZ25v3zxo9vZ ~]# groupadd oinstall
[root@iZ25v3zxo9vZ ~]# groupadd dba
[root@iZ25v3zxo9vZ ~]# useradd -g oinstall -G dba oracle
[root@iZ25v3zxo9vZ ~]# passwd oracle
直接用root用户安装是不允许的。
5、添加配置信息
在 /etc/sysctl.conf 加入下列内核参数

fs.aio-max-nr = 1048576
fs.file-max = 6815744
kernel.shmall = 2097152
kernel.shmmax = 1987162112
kernel.shmmni = 4096
kernel.sem = 250 32000 100 128
net.ipv4.ip_local_port_range = 9000 65500
net.core.rmem_default = 262144
net.core.rmem_max = 4194304
net.core.wmem_default = 262144
net.core.wmem_max = 1048586

检查并运用新的数值。
[root@iZ25v3zxo9vZ ~]# sysctl -p
[root@iZ25v3zxo9vZ ~]# sysctl -a

在 /etc/security/limits.conf 为 oracle 用户设置上限
oracle soft nproc 2047
oracle hard nproc 16384
oracle soft nofile 1024
oracle hard nofile 65536
6、解压安装文件并赋权
将 Oracle 数据库软件的 zip 文件（linuxamd64_12102_database_1of2.zip, linuxamd64_12102_database_2of2.zip）解压至 /database12c 目录。

[root@iZ25v3zxo9vZ ~]# yum install -y zip unzip
[root@iZ25v3zxo9vZ ~]# unzip linuxamd64_12102_database_1of2.zip -d /
[root@iZ25v3zxo9vZ ~]# unzip linuxamd64_12102_database_2of2.zip -d /

修改　/stage 的权限
[root@centos7 ~]# chown -R oracle:oinstall /database/
7、为 Oracle 软件创建 /u01 目录，及为数据库文件创建 /u02 目录。

[root@iZ25v3zxo9vZ ~]# mkdir /u01
[root@iZ25v3zxo9vZ ~]# mkdir /u02
[root@iZ25v3zxo9vZ ~]# chown -R oracle:oinstall /u01
[root@iZ25v3zxo9vZ ~]# chown -R oracle:oinstall /u02
[root@iZ25v3zxo9vZ ~]# chmod -R 775 /u01
[root@iZ25v3zxo9vZ ~]# chmod -R 775 /u02
[root@iZ25v3zxo9vZ ~]# chmod g+s /u01
[root@iZ25v3zxo9vZ ~]# chmod g+s /u02
8、安装所须组件：

[root@iZ25v3zxo9vZ ~]# yum install -y binutils.x86_64 compat-libcap1.x86_64 gcc.x86_64 gcc-c++.x86_64 glibc.i686 glibc.x86_64 \
glibc-devel.i686 glibc-devel.x86_64 ksh compat-libstdc++-33 libaio.i686 libaio.x86_64 libaio-devel.i686 libaio-devel.x86_64 \
libgcc.i686 libgcc.x86_64 libstdc++.i686 libstdc++.x86_64 libstdc++-devel.i686 libstdc++-devel.x86_64 libXi.i686 libXi.x86_64 \
libXtst.i686 libXtst.x86_64 make.x86_64 sysstat.x86_64
检查组件是否安装成功：
rpm -q binutils binutils \
compat-libcap1 \
compat-libstdc++-33 \
gcc \
gcc-c++ \
glibc \
glibc-devel \
ksh \
libgcc \
libstdc++ \
libstdc++-devel \
libaio \
libaio-devel \
libXext \
libXtst \
libX11 \
libXau \
libxcb \
libXi \
make \
sysstat
9、给oracle:oinstall赋对/tmp目录的使用权限
在root用户下执行
chown -R oracle:oinstall /tmp
此处是我这次安装中碰到的最大的坑，折磨了两个白天都没解决掉。在此一定要感谢浩哥，不是他的协助我绝对发现不了这个问题，当时几乎都要崩溃的放弃安装，linux知识欠缺啊。
如果不执行这句，在安装时，系统会报无法访问临时文件夹的错误。
Cause - Failed to access the temporary location.  
 Action - Ensure that the current user has required permissions to access the temporary location.  
 Additional Information:
  - Framework setup check failed on all the nodes  
  - Cause: Cause Of Problem Not Available  
  - Action: User Action Not Available 
 Summary of the failed nodes 
 iz25v3zxo9vz  
  - Version of exectask could not be retrieved from node "iz25v3zxo9vz"  
  - Cause: Cause Of Problem Not Available  
  - Action: User Action Not Available 
 
安装 X Window System 组件群组。
[root@centos7 ~]# yum groupinstall -y "X Window System"
由于 Oracle 的安装采用图像界面
利用一台拥有 SSH 客户端（PuTTY）及 X-Windows 终端機仿真器（Xming）的微软 Windows 桌面。

以下文档描述如何在 Windows 系统上安装 Xming。
https://wiki.centos.org/zh/HowTos/Xming
1）双击Xming图标，启动Xming，可以通过任务管理器查看到Xming进程
2)执行PuTTY,在Session输入安装主机的ip地址
3)在Connection->SSH->X11选中Enable X11 forwarding选项
4)链接安装主机
在PuTTY执行安装命令：
[oracle@iZ25v3zxo9vZ database]$ ./runInstaller
Starting Oracle Universal Installer...

Checking Temp space: must be greater than 500 MB.   Actual 31201 MB    Passed
Checking swap space: 0 MB available, 150 MB required.    Failed <<<<
Checking monitor: must be configured to display at least 256 colors.    Actual 16777216    Passed

Some requirement checks failed. You must fulfill these requirements before

continuing with the installation,

Continue? (y/n) [n] y
执行到Prerequisite Checks环节，会提示
Swap Size  警告
This is a prerequisite condition to test whether sufficient total swap space is available on the system.(more details)
Expected Value:2.6934GB(2824206.0KB)
ActualValue:0.0 bytes

此处需要设置Swap大小
参考文档http://blog.csdn.net/hailang08/article/details/11570305
在root用户下执行
[root@iZ25v3zxo9vZ ~]# dd if=/dev/zero of=/home/oracle/swap bs=1M count=6144
[root@iZ25v3zxo9vZ ~]# cd /home/oracle
[root@iZ25v3zxo9vZ oracle]# ls
swap
[root@iZ25v3zxo9vZ oracle]# mv swap swapfile
[root@iZ25v3zxo9vZ oracle]# ls
swapfile
创建swap文件
[root@iZ25v3zxo9vZ oracle]# mkswap swapfile
Setting up swapspace version 1, size = 6291452 KiB
no label, UUID=3d109068-7639-4bd9-8819-daf519999236
激活swap文件
[root@iZ25v3zxo9vZ oracle]# swapon swapfile
swapon: /home/oracle/swapfile: insecure permissions 0644, 0600 suggested.
12、当询问窗口出现时，请登录成为 root 并执行两个脚本：
[root@iZ25v3zxo9vZ ~]# /u01/app/oraInventory/orainstRoot.sh
Changing permissions of /u01/app/oraInventory.
Adding read,write permissions for group.
Removing read,write,execute permissions for world.
Changing groupname of /u01/app/oraInventory to oinstall.
The execution of the script is complete.

[root@iZ25v3zxo9vZ ~]# /u01/app/oracle/product/12.1.0/dbhome_1/root.sh
Performing root user operation.
The following environment variables are set as:
    ORACLE_OWNER= oracle
    ORACLE_HOME=  /u01/app/oracle/product/12.1.0/dbhome_1
Enter the full pathname of the local bin directory: [/usr/local/bin]: <PRESS ENTER>
   Copying dbhome to /usr/local/bin ...
   Copying oraenv to /usr/local/bin ...
   Copying coraenv to /usr/local/bin ...
Creating /etc/oratab file...
Entries will be added to the /etc/oratab file as needed by
Database Configuration Assistant when a database is created
Finished running generic part of root script.
Now product-specific root actions will be performed.
You can follow the installation in a separated window.

13. 安装后的任务
13.1. 防火墙
请登录成为 root 并检查已引导的本地
[root@iZ25v3zxo9vZ ~]# firewall-cmd --get-active-zones
public
  interfaces: eth0
打开相关的端口
[root@iZ25v3zxo9vZ ~]# firewall-cmd --zone=public --add-port=1521/tcp --add-port=5500/tcp --add-port=5520/tcp --add-port=3938/tcp --permanent
success
[root@iZ25v3zxo9vZ ~]# firewall-cmd --reload
success
[root@iZ25v3zxo9vZ ~]# firewall-cmd --list-ports
1521/tcp 3938/tcp 5500/tcp 5520/tcp
13.2. Oracle 工作环境
请登录为 oracle 用户并在 /home/oracle/.bash_profile 内加入下列数值
TMPDIR=$TMP; export TMPDIR
ORACLE_BASE=/u01/app/oracle; export ORACLE_BASE
ORACLE_HOME=$ORACLE_BASE/product/12.1.0/dbhome_1; export ORACLE_HOME
ORACLE_SID=orcl; export ORACLE_SID
PATH=$ORACLE_HOME/bin:$PATH; export PATH
LD_LIBRARY_PATH=$ORACLE_HOME/lib:/lib:/usr/lib:/usr/lib64; export LD_LIBRARY_PATH
CLASSPATH=$ORACLE_HOME/jlib:$ORACLE_HOME/rdbms/jlib; export CLASSPATH
重新装入 bash_profile 来运用新设置值：
[root@iZ25v3zxo9vZ ~]$ . .bash_profile

13.3. 登录数据库
[oracle@iZ25v3zxo9vZ ~]$ sqlplus system@orcl
... output omitted ...
Oracle Database 12c Enterprise Edition Release 12.1.0.2.0 - 64bit Production
With the Partitioning, OLAP, Advanced Analytics and Real Application Testing options
SQL>
请利用 Oracle 企业级管理员来管理数据库：

https://<主机名称>:5500/em
14、执行远程链接数据报无监听错误
ORA-12541: TNS:no listener
查看错误原因发现/u01/app/oracle/product/12.1.0/dbhome_1/network/admin/
下的listener.ora文件HOST对应值为localhost
      (ADDRESS = (PROTOCOL = TCP)(HOST = localhost)(PORT = 1521))
这个问题应该是我没有执行https://wiki.centos.org/zh/HowTos/Oracle12onCentos7#head-a47ebe97eab613adf7acc0a76f29b502074a33cf文档中提到的
请确认主机名称并在你的 DNS 上登记它。你也可选择在 /etc/hosts 内加入你的主机名称／IP。
[root@centos7 ~]# cat /etc/hostname
centos7.example.com
修改listener.ora文件中的HOST值为对应的主机名称或ip值
(ADDRESS = (PROTOCOL = TCP)(HOST = iZ25v3zxo9vZ)(PORT = 1521))
同时确认listener.ora文件是否将数据库实例注册到listener，内容如下：
SID_LIST_LISTENER =  
(SID_LIST =  
  (SID_DESC =  
  (GLOBAL_DBNAME = orcl)
  (SID_NAME = orcl)
  )
)
如果没有将数据库实例注册到listener中，远程链接数据库回报以下错误：
oracle ORA-12514:TNS:listener does not currently know of service requested in connect descriptor
在修改listener.ora前，要先登陆oracle用户，执行lsnrctl stop,关闭监听器，然后修改listener.ora。
修改完成后执行lsnrctl start,启用监听。lsnrctl status查看监听状态。
执行内容如下：
[oracle@iZ25v3zxo9vZ ~]$ lsnrctl stop

LSNRCTL for Linux: Version 12.1.0.2.0 - Production on 02-AUG-2016 17:57:00

Copyright (c) 1991, 2014, Oracle.  All rights reserved.

Connecting to (DESCRIPTION=(ADDRESS=(PROTOCOL=TCP)(HOST=iZ25v3zxo9vZ)(PORT=1521)))
The command completed successfully
[oracle@iZ25v3zxo9vZ ~]$ lsnrctl start

LSNRCTL for Linux: Version 12.1.0.2.0 - Production on 02-AUG-2016 17:58:08

Copyright (c) 1991, 2014, Oracle.  All rights reserved.

Starting /u01/app/oracle/product/12.1.0/dbhome_1/bin/tnslsnr: please wait...

TNSLSNR for Linux: Version 12.1.0.2.0 - Production
System parameter file is /u01/app/oracle/product/12.1.0/dbhome_1/network/admin/listener.ora
Log messages written to /u01/app/oracle/diag/tnslsnr/iZ25v3zxo9vZ/listener/alert/log.xml
Listening on: (DESCRIPTION=(ADDRESS=(PROTOCOL=tcp)(HOST=iZ25v3zxo9vZ)(PORT=1521)))
Listening on: (DESCRIPTION=(ADDRESS=(PROTOCOL=ipc)(KEY=EXTPROC1521)))

Connecting to (DESCRIPTION=(ADDRESS=(PROTOCOL=TCP)(HOST=iZ25v3zxo9vZ)(PORT=1521)))
STATUS of the LISTENER
------------------------
Alias                     LISTENER
Version                   TNSLSNR for Linux: Version 12.1.0.2.0 - Production
Start Date                02-AUG-2016 17:58:08
Uptime                    0 days 0 hr. 0 min. 0 sec
Trace Level               off
Security                  ON: Local OS Authentication
SNMP                      OFF
Listener Parameter File   /u01/app/oracle/product/12.1.0/dbhome_1/network/admin/listener.ora
Listener Log File         /u01/app/oracle/diag/tnslsnr/iZ25v3zxo9vZ/listener/alert/log.xml
Listening Endpoints Summary...
  (DESCRIPTION=(ADDRESS=(PROTOCOL=tcp)(HOST=iZ25v3zxo9vZ)(PORT=1521)))
  (DESCRIPTION=(ADDRESS=(PROTOCOL=ipc)(KEY=EXTPROC1521)))
Services Summary...
Service "orcl" has 1 instance(s).
  Instance "orcl", status UNKNOWN, has 1 handler(s) for this service...
The command completed successfully
[oracle@iZ25v3zxo9vZ ~]$ lsnrctl status

LSNRCTL for Linux: Version 12.1.0.2.0 - Production on 02-AUG-2016 17:58:13

Copyright (c) 1991, 2014, Oracle.  All rights reserved.

Connecting to (DESCRIPTION=(ADDRESS=(PROTOCOL=TCP)(HOST=iZ25v3zxo9vZ)(PORT=1521)))
STATUS of the LISTENER
------------------------
Alias                     LISTENER
Version                   TNSLSNR for Linux: Version 12.1.0.2.0 - Production
Start Date                02-AUG-2016 17:58:08
Uptime                    0 days 0 hr. 0 min. 5 sec
Trace Level               off
Security                  ON: Local OS Authentication
SNMP                      OFF
Listener Parameter File   /u01/app/oracle/product/12.1.0/dbhome_1/network/admin/listener.ora
Listener Log File         /u01/app/oracle/diag/tnslsnr/iZ25v3zxo9vZ/listener/alert/log.xml
Listening Endpoints Summary...
  (DESCRIPTION=(ADDRESS=(PROTOCOL=tcp)(HOST=iZ25v3zxo9vZ)(PORT=1521)))
  (DESCRIPTION=(ADDRESS=(PROTOCOL=ipc)(KEY=EXTPROC1521)))
Services Summary...
Service "orcl" has 1 instance(s).
  Instance "orcl", status UNKNOWN, has 1 handler(s) for this service...
The command completed successfully
15、最后在编写程序用jdbc链接oracle12c时，如果用的驱动程序包为旧的程序包，我用的是ojdbc14.jar包，会包一下错误：
ORA-28040: No matching authentication protocol
解决办法两个：
1、从$ORACLE_HOME/jdbc/lib/目录下拷贝新的驱动包，ojdbc6.jar对应jdk版本为jdk6，ojdbc7.jar对应为jdk7、8
我安装的oracle12c驱动包路径为/u01/app/oracle/product/12.1.0/dbhome_1/jdbc/lib/
2、编辑 $ORACLE_HOME/network/admin/sqlnet.ora文件，如果没有可以创建一个新的，加入下面的参数
SQLNET.ALLOWED_LOGON_VERSION=8
我的安装路径为/u01/app/oracle/product/12.1.0/dbhome_1/network/admin/
参考文档：http://blog.csdn.net/kongxx/article/details/44887379
最后感谢浩哥的帮助！
主要参考文档：
https://wiki.centos.org/zh/HowTos/Oracle12onCentos7#head-a47ebe97eab613adf7acc0a76f29b502074a33cf
https://wiki.centos.org/zh/HowTos/Xming
https://github.com/itrunc/notes/commit/4bac956c596acfea0b72f7b258c82aa347a3351b
https://oracle-base.com/articles/12c/oracle-db-12cr1-installation-on-oracle-linux-6
https://dotblogs.com.tw/jamesfu/2016/02/02/oracle12c_install
http://www.ha97.com/4785.html
http://www.jianshu.com/p/c9c24b3a1c53
http://blog.csdn.net/kongxx/article/details/44887379
