1
2G
aliyunECS,2G40G
2 CentOS 
[root@iZ25v3zxo9vZ ~]# yum update -y
3 Oracle  12c  Linux x86-64 
http://www.oracle.com/technetwork/cn/database/enterprise-edition/downloads/database12c-linux-download-2240591-zhs.html
Safari
\home\oracle\product\12.1.0\dbhome_1\ctx\admin\dr0ulib.sql.sbs
http://blog.csdn.net/ljunjie82/article/details/44727417
4
Oracle
[root@iZ25v3zxo9vZ ~]# groupadd oinstall
[root@iZ25v3zxo9vZ ~]# groupadd dba
[root@iZ25v3zxo9vZ ~]# useradd -g oinstall -G dba oracle
[root@iZ25v3zxo9vZ ~]# passwd oracle
root
5
 /etc/sysctl.conf 

fs.aio-max-nr = 1048576
fs.file-max = 6815744
kernel.shmall = 2097152
kernel.shmmax = 1987162112
kernel.shmmni = 4096
kernel.sem = 250 32000 100 128
net.ipv4.ip_local_port_range = 9000 65500
net.core.rmem_default = 262144
net.core.rmem_max = 4194304
net.core.wmem_default = 262144
net.core.wmem_max = 1048586


[root@iZ25v3zxo9vZ ~]# sysctl -p
[root@iZ25v3zxo9vZ ~]# sysctl -a

 /etc/security/limits.conf  oracle 
oracle soft nproc 2047
oracle hard nproc 16384
oracle soft nofile 1024
oracle hard nofile 65536
6
 Oracle  zip linuxamd64_12102_database_1of2.zip, linuxamd64_12102_database_2of2.zip /database12c 

[root@iZ25v3zxo9vZ ~]# yum install -y zip unzip
[root@iZ25v3zxo9vZ ~]# unzip linuxamd64_12102_database_1of2.zip -d /
[root@iZ25v3zxo9vZ ~]# unzip linuxamd64_12102_database_2of2.zip -d /

/stage 
[root@centos7 ~]# chown -R oracle:oinstall /database/
7 Oracle  /u01  /u02 

[root@iZ25v3zxo9vZ ~]# mkdir /u01
[root@iZ25v3zxo9vZ ~]# mkdir /u02
[root@iZ25v3zxo9vZ ~]# chown -R oracle:oinstall /u01
[root@iZ25v3zxo9vZ ~]# chown -R oracle:oinstall /u02
[root@iZ25v3zxo9vZ ~]# chmod -R 775 /u01
[root@iZ25v3zxo9vZ ~]# chmod -R 775 /u02
[root@iZ25v3zxo9vZ ~]# chmod g+s /u01
[root@iZ25v3zxo9vZ ~]# chmod g+s /u02
8

[root@iZ25v3zxo9vZ ~]# yum install -y binutils.x86_64 compat-libcap1.x86_64 gcc.x86_64 gcc-c++.x86_64 glibc.i686 glibc.x86_64 \
glibc-devel.i686 glibc-devel.x86_64 ksh compat-libstdc++-33 libaio.i686 libaio.x86_64 libaio-devel.i686 libaio-devel.x86_64 \
libgcc.i686 libgcc.x86_64 libstdc++.i686 libstdc++.x86_64 libstdc++-devel.i686 libstdc++-devel.x86_64 libXi.i686 libXi.x86_64 \
libXtst.i686 libXtst.x86_64 make.x86_64 sysstat.x86_64

rpm -q binutils binutils \
compat-libcap1 \
compat-libstdc++-33 \
gcc \
gcc-c++ \
glibc \
glibc-devel \
ksh \
libgcc \
libstdc++ \
libstdc++-devel \
libaio \
libaio-devel \
libXext \
libXtst \
libX11 \
libXau \
libxcb \
libXi \
make \
sysstat
9
root
chown -R oracle:oinstall /tmp


Cause - Failed to access the temporary location.  
Action - Ensure that the current user has required permissions to access the temporary location.  
Additional Information:
- Framework setup check failed on all the nodes  
- Cause: Cause Of Problem Not Available  
- Action: User Action Not Available 
Summary of the failed nodes 
iz25v3zxo9vz 
- Version of exectask could not be retrieved from node "iz25v3zxo9vz"  
- Cause: Cause Of Problem Not Available  
- Action: User Action Not Available 
10 X Window System 
[root@centos7 ~]# yum groupinstall -y "X Window System"
 Oracle 
 SSH PuTTY X-Windows Xming Windows 

 Windows  Xming
https://wiki.centos.org/zh/HowTos/Xming
XmingPuTTY
1XmingXmingXming
2)PuTTY,Sessionip
3)Connection->SSH->X11Enable X11 forwarding
4
PuTTY
[oracle@iZ25v3zxo9vZ database]$ ./runInstaller
Starting Oracle Universal Installer...

Checking Temp space: must be greater than 500 MB.   Actual 31201 MB    Passed
Checking swap space: 0 MB available, 150 MB required.    Failed <<<<
Checking monitor: must be configured to display at least 256 colors.    Actual 16777216    Passed

Some requirement checks failed. You must fulfill these requirements before

continuing with the installation,

Continue? (y/n) [n] y
11Prerequisite Checks
Swap Size  
This is a prerequisite condition to test whether sufficient total swap space is available on the system.(more details)
Expected Value:2.6934GB(2824206.0KB)
ActualValue:0.0 bytes

Swap
http://blog.csdn.net/hailang08/article/details/11570305
root
[root@iZ25v3zxo9vZ ~]# dd if=/dev/zero of=/home/oracle/swap bs=1M count=6144
[root@iZ25v3zxo9vZ ~]# cd /home/oracle
[root@iZ25v3zxo9vZ oracle]# ls
swap
[root@iZ25v3zxo9vZ oracle]# mv swap swapfile
[root@iZ25v3zxo9vZ oracle]# ls
swapfile
swap
[root@iZ25v3zxo9vZ oracle]# mkswap swapfile
Setting up swapspace version 1, size = 6291452 KiB
no label, UUID=3d109068-7639-4bd9-8819-daf519999236
swap
[root@iZ25v3zxo9vZ oracle]# swapon swapfile
swapon: /home/oracle/swapfile: insecure permissions 0644, 0600 suggested.


12
root
[root@iZ25v3zxo9vZ ~]# /u01/app/oraInventory/orainstRoot.sh
Changing permissions of /u01/app/oraInventory.
Adding read,write permissions for group.
Removing read,write,execute permissions for world.
Changing groupname of /u01/app/oraInventory to oinstall.
The execution of the script is complete.

[root@iZ25v3zxo9vZ ~]# /u01/app/oracle/product/12.1.0/dbhome_1/root.sh
Performing root user operation.
The following environment variables are set as:
    ORACLE_OWNER= oracle
    ORACLE_HOME=  /u01/app/oracle/product/12.1.0/dbhome_1
Enter the full pathname of the local bin directory: [/usr/local/bin]: <PRESS ENTER>
   Copying dbhome to /usr/local/bin ...
   Copying oraenv to /usr/local/bin ...
   Copying coraenv to /usr/local/bin ...
Creating /etc/oratab file...
Entries will be added to the /etc/oratab file as needed by
Database Configuration Assistant when a database is created
Finished running generic part of root script.
Now product-specific root actions will be performed.
You can follow the installation in a separated window.
 root 

13

13.1
 root 


[root@iZ25v3zxo9vZ ~]# firewall-cmd --get-active-zones
public
  interfaces: eth0



[root@iZ25v3zxo9vZ ~]# firewall-cmd --zone=public --add-port=1521/tcp --add-port=5500/tcp --add-port=5520/tcp --add-port=3938/tcp --permanent
success

[root@iZ25v3zxo9vZ ~]# firewall-cmd --reload
success

[root@iZ25v3zxo9vZ ~]# firewall-cmd --list-ports
1521/tcp 3938/tcp 5500/tcp 5520/tcp
13.2 Oracle 
 oracle  /home/oracle/.bash_profile 


TMPDIR=$TMP; export TMPDIR
ORACLE_BASE=/u01/app/oracle; export ORACLE_BASE
ORACLE_HOME=$ORACLE_BASE/product/12.1.0/dbhome_1; export ORACLE_HOME
ORACLE_SID=orcl; export ORACLE_SID
PATH=$ORACLE_HOME/bin:$PATH; export PATH
LD_LIBRARY_PATH=$ORACLE_HOME/lib:/lib:/usr/lib:/usr/lib64; export LD_LIBRARY_PATH
CLASSPATH=$ORACLE_HOME/jlib:$ORACLE_HOME/rdbms/jlib; export CLASSPATH
 bash_profile 


[root@iZ25v3zxo9vZ ~]$ . .bash_profile
13.3 

[root@iZ25v3zxo9vZ ~]$ sqlplus system@orcl
... output omitted ...
Oracle Database 12c Enterprise Edition Release 12.1.0.2.0 - 64bit Production
With the Partitioning, OLAP, Advanced Analytics and Real Application Testing options
SQL>
 Oracle 

https://<>:5500/em
14

ORA-12541: TNS:no listener
u01/app/oracle/product/12.1.0/dbhome_1/network/admin/
listener.oralocalhost
      (ADDRESS = (PROTOCOL = TCP)(HOST = localhost)(PORT = 1521))
https://wiki.centos.org/zh/HowTos/Oracle12onCentos7#head-a47ebe97eab613adf7acc0a76f29b502074a33cf      
 DNS  /etc/hosts IP
[root@centos7 ~]# cat /etc/hostname
centos7.example.com
HOST
(ADDRESS = (PROTOCOL = TCP)(HOST = iZ25v3zxo9vZ)(PORT = 1521))
listener
SID_LIST_LISTENER =  
(SID_LIST =  
  (SID_DESC =  
  (GLOBAL_DBNAME = orcl)
  (SID_NAME = orcl)
  )
)

oracle ORA-12514:TNS:listener does not currently know of service requested in connect descriptor


https://wiki.centos.org/zh/HowTos/Oracle12onCentos7#head-a47ebe97eab613adf7acc0a76f29b502074a33cf
https://wiki.centos.org/zh/HowTos/Xming
https://github.com/itrunc/notes/commit/4bac956c596acfea0b72f7b258c82aa347a3351b
https://oracle-base.com/articles/12c/oracle-db-12cr1-installation-on-oracle-linux-6